// Jest Snapshot v1, https://goo.gl/fbAQLP

exports[`ConfigureLessonsItem Renders correctly 1`] = `
<div
  className="list-group-item"
  disabled={false}
  id="lesson-1"
  onClick={[Function]}
>
  <div
    className="d-flex w-100 pt-3 justify-content-between no-gutters"
  >
    <div
      className="col-sm-3"
    >
      <h6
        id="nameOfcourseForLesson_1"
      >
        Software engineering 2
      </h6>
    </div>
    <div
      className="col-sm-2"
    >
      <p
        id="startDateOfLesson1"
      >
        Tue 08-09-2020 14:30
      </p>
    </div>
    <div
      className="col-sm-2"
    >
      <p
        id="endDateOfLesson1"
      >
        Tue 08-09-2020 17:00
      </p>
    </div>
    <div
      className="col-sm-2"
    >
      <p
        id="seatsOfLesson1"
      >
        90
      </p>
    </div>
    <div
      className="col-sm-2"
    >
      <p
        id="classroomOfLesson1"
      >
        A1
      </p>
    </div>
    <div
      className="col-sm-1"
    >
      <button
        className="btn btn-primary"
        disabled={false}
        id="buttonFieldOflesson1"
        onClick={[Function]}
        type="button"
      >
        Edit
      </button>
    </div>
  </div>
</div>
`;
