// Jest Snapshot v1, https://goo.gl/fbAQLP

exports[`ConfigureUsersPage Renders correctly 1`] = `
Array [
  <br />,
  <div
    className="justify-content-around row"
  >
    <button
      className="btn btn-primary"
      disabled={false}
      id="activateModalOfUsers"
      onClick={[Function]}
      type="button"
    >
      Add New
    </button>
    <button
      className="btn btn-primary"
      disabled={false}
      id="uploadFileOfUsers"
      onClick={[Function]}
      type="button"
    >
      Upload User File
    </button>
  </div>,
  <ul
    className="list-group list-group-flush"
    onKeyDown={[Function]}
  >
    <div
      className="list-group-item"
      data-rb-event-key={null}
      disabled={false}
      id="usersList-header"
      onClick={[Function]}
    >
      <div
        className="d-flex w-100 pt-3 justify-content-between no-gutters"
      >
        <div
          className="col-sm-3"
        >
          <h4>
            User Id
          </h4>
        </div>
        <div
          className="col-sm-4"
        >
          <h4>
            Full Name
          </h4>
        </div>
        <div
          className="col-sm-5"
        >
          <h4>
            Email (Username)
          </h4>
        </div>
      </div>
    </div>
    <div
      className="list-group-item"
      data-rb-event-key={null}
      disabled={false}
      id="user-undefined"
      onClick={[Function]}
    >
      <div
        className="d-flex w-100 pt-3 justify-content-between no-gutters"
      >
        <div
          className="col-sm-3"
        >
          <h6
            id="idOfuser_12345"
          >
            12345
          </h6>
        </div>
        <div
          className="col-sm-4"
        >
          <h6
            id="nameOfuser_12345"
          >
            Davide Falcone
          </h6>
        </div>
        <div
          className="col-sm-5"
        >
          <h6
            id="emailOfuser_12345"
          >
            davide.falcone@polito.it
          </h6>
        </div>
      </div>
    </div>
  </ul>,
]
`;
