// Jest Snapshot v1, https://goo.gl/fbAQLP

exports[`MyBookableLessonsItem Renders correctly 1`] = `
<div
  className="list-group-item"
  disabled={false}
  id="lesson-undefined"
  onClick={[Function]}
>
  <div
    className="d-flex w-100 pt-3 justify-content-between no-gutters"
  >
    <div
      className="col-sm-3"
    >
      <p
        id="startDateOfLesson1"
      >
        Tue 08-09-2020 14:30
      </p>
    </div>
    <div
      className="col-sm-3"
    >
      <p
        id="endDateOfLesson1"
      >
        Tue 08-09-2020 17:00
      </p>
    </div>
    <div
      className="col-sm-3"
    >
      <p
        id="seatsStatusOfLesson1"
      >
        9
         / 
        90
      </p>
    </div>
    <div
      className="col-sm-3"
    >
      <button
        className="btn btn-info"
        disabled={false}
        id="selectFieldOfLesson1"
        onClick={[Function]}
        type="button"
      >
        BOOK
      </button>
    </div>
  </div>
</div>
`;
