// Jest Snapshot v1, https://goo.gl/fbAQLP

exports[`MyBookedLessonsItem Renders correctly 1`] = `
<div
  className="list-group-item"
  disabled={false}
  id="lesson-undefined"
  onClick={[Function]}
>
  <div
    className="d-flex w-100 pt-3 justify-content-between no-gutters"
  >
    <div
      className="col-sm-3"
    >
      <p
        id="startDateOfLesson1"
      >
        Fri 23-12-2016 00:36
      </p>
    </div>
    <div
      className="col-sm-3"
    >
      <p
        id="endDateOfLesson1"
      >
        Fri 23-12-2016 01:36
      </p>
    </div>
    <div
      className="col-sm-3"
    >
      <p
        id="seatsStatusOfLesson1"
      >
        9
         / 
        90
      </p>
    </div>
    <div
      className="col-sm-3"
    >
      <button
        className="btn btn-danger"
        disabled={false}
        id="deleteFieldOfLesson1"
        onClick={[Function]}
        type="button"
      >
        DELETE
      </button>
    </div>
  </div>
</div>
`;
