// Jest Snapshot v1, https://goo.gl/fbAQLP

exports[`MyBookedLessonsPage Renders correctly 1`] = `
<div
  style={
    Object {
      "padding": "15px",
    }
  }
>
  <div
    className="row"
  >
    <div
      className="col"
    >
      <h5>
        Filter your lessons!
      </h5>
    </div>
    <div
      className="text-right col"
      style={
        Object {
          "marginRight": "15px",
        }
      }
    >
      <img
        alt=""
        className="img-button"
        height="30"
        onClick={[Function]}
        src="./images/list_icon.png"
        width="30"
      />
      <span>
           
      </span>
      <img
        alt=""
        className="img-button"
        height="30"
        onClick={[Function]}
        src="./images/calendar_icon.png"
        width="30"
      />
    </div>
  </div>
  <form
    action=""
    className=""
    id="lessonFilterForm"
    method="POST"
    onSubmit={[Function]}
  >
    <div
      className="form-row"
    >
      <div
        className="form-group col"
      >
        <label
          className="control-label form-label"
        >
          Course Name
        </label>
        <select
          className="custom-select"
          name="courseName"
          onChange={[Function]}
          value="Select course name"
        >
          <option>
            Select course name
          </option>
          <option>
            Software engineering 2
          </option>
        </select>
      </div>
      <div
        className="form-group col"
      >
        <label
          className="control-label form-label"
        >
          Starting Day
        </label>
        <input
          className="form-control"
          min="2016-12-22"
          name="startingDay"
          onChange={[Function]}
          type="date"
          value=""
        />
      </div>
      <div
        className="form-group col"
      >
        <label
          className="control-label form-label"
        >
          Ending day
        </label>
        <input
          className="form-control"
          min="Invalid date"
          name="endingDay"
          onChange={[Function]}
          type="date"
          value=""
        />
      </div>
    </div>
    <div
      className="form-group"
    >
      <div>
        <button
          className="btn btn-secondary"
          onClick={[Function]}
          type="button"
        >
          Reset Fields
        </button>
      </div>
    </div>
  </form>
  <br />
  <div
    className="accordion"
  >
    <div
      className="card"
    >
      <div
        className="card-header"
      >
        <button
          className="btn btn-link"
          disabled={false}
          onClick={[Function]}
          type="button"
        >
          <div
            className="d-flex w-100 pt-3 justify-content-between no-gutters"
            id="bookedLessons"
          >
            <h3>
              Booked Lessons
            </h3>
          </div>
        </button>
      </div>
      <div
        aria-expanded={null}
        className="collapse"
      >
        <div
          className="card-body"
        >
          <div
            className="accordion"
          >
            <div
              className="card"
            >
              <div
                className="card-header"
              >
                <button
                  className="btn btn-link"
                  disabled={false}
                  onClick={[Function]}
                  type="button"
                >
                  <div
                    className="d-flex w-100 pt-3 justify-content-between no-gutters"
                    id="course-Software engineering 2"
                  >
                    <h4>
                      Software engineering 2
                    </h4>
                  </div>
                </button>
              </div>
              <div
                aria-expanded={null}
                className="collapse"
              >
                <div
                  className="card-body"
                >
                  <ul
                    className="list-group list-group-flush"
                    onKeyDown={[Function]}
                  >
                    <div
                      className="list-group-item"
                      data-rb-event-key={null}
                      disabled={false}
                      id="lessonList-header"
                      onClick={[Function]}
                    >
                      <div
                        className="d-flex w-100 pt-3 justify-content-between no-gutters"
                      >
                        <div
                          className="col-sm-3"
                        >
                          <h4>
                            Starting Time
                          </h4>
                        </div>
                        <div
                          className="col-sm-3"
                        >
                          <h4>
                            Ending Time
                          </h4>
                        </div>
                        <div
                          className="col-sm-3"
                        >
                          <h4>
                            # of Booked Seats
                          </h4>
                        </div>
                        <div
                          className="col-sm-3"
                        />
                      </div>
                    </div>
                    <div
                      className="list-group-item"
                      data-rb-event-key={null}
                      disabled={false}
                      id="lesson-undefined"
                      onClick={[Function]}
                    >
                      <div
                        className="d-flex w-100 pt-3 justify-content-between no-gutters"
                      >
                        <div
                          className="col-sm-3"
                        >
                          <p
                            id="startDateOfLesson1"
                          >
                            Fri 23-12-2016 00:36
                          </p>
                        </div>
                        <div
                          className="col-sm-3"
                        >
                          <p
                            id="endDateOfLesson1"
                          >
                            Fri 23-12-2016 01:36
                          </p>
                        </div>
                        <div
                          className="col-sm-3"
                        >
                          <p
                            id="seatsStatusOfLesson1"
                          >
                            9
                             / 
                            90
                          </p>
                        </div>
                        <div
                          className="col-sm-3"
                        >
                          <button
                            className="btn btn-danger"
                            disabled={false}
                            id="deleteFieldOfLesson1"
                            onClick={[Function]}
                            type="button"
                          >
                            DELETE
                          </button>
                        </div>
                      </div>
                    </div>
                  </ul>
                </div>
              </div>
            </div>
          </div>
        </div>
      </div>
    </div>
  </div>
</div>
`;
